// Jest Snapshot v1, https://goo.gl/fbAQLP

exports[`<Header /> renders children when passed in 1`] = `
<Router
  history={
    Object {
      "action": "POP",
      "block": [Function],
      "createHref": [Function],
      "go": [Function],
      "goBack": [Function],
      "goForward": [Function],
      "length": 1,
      "listen": [Function],
      "location": Object {
        "hash": "",
        "pathname": "/",
        "search": "",
        "state": undefined,
      },
      "push": [Function],
      "replace": [Function],
    }
  }
>
  <Header>
    <div
      className="header-background"
    >
      <img
        alt="posters"
        className="background-image"
        src="header_background.jpg"
      />
      <nav
        className="header-nav"
      >
        <Logo>
          <h1
            className="logo"
          >
            <strong>
              netflix
            </strong>
            roulette
          </h1>
        </Logo>
        <button
          className="search-icon"
          onClick={[Function]}
        />
      </nav>
      <div
        className="container"
      >
        <div
          className="unique"
        />
      </div>
    </div>
  </Header>
</Router>
`;
