// Jest Snapshot v1, https://goo.gl/fbAQLP

exports[`<MovieCard /> should render with test data 1`] = `
<div
  className="item"
>
  <img
    alt="test movie"
    className="image"
    src="/movie_url/image.jpg"
  />
  <div
    className="container"
  >
    <span
      className="title"
    >
      test movie
    </span>
    <span
      className="date"
    >
      NaN
    </span>
  </div>
  <div
    className="genre-list"
  >
    <span
      className="genre"
      key="drama"
    >
      drama
    </span>
    <span
      className="genre"
      key="sitcom"
    >
      sitcom
    </span>
  </div>
</div>
`;
